{
"Ghost:core/client/app/components/gh-cm-editor.js": [
24
],
"Ghost:core/client/app/components/gh-navitem-url-input.js": [
18
],
"Ghost:core/client/app/components/gh-profile-image.js": [
51
],
"Ghost:core/client/app/components/gh-search-input.js": [
116
],
"Ghost:core/client/app/components/gh-tag-settings-form.js": [
102
],
"Ghost:core/client/app/components/gh-trim-focus-input.js": [
13
],
"Ghost:core/client/app/components/modals/base.js": [
16
],
"Ghost:core/client/app/controllers/setup/three.js": [
45
],
"Ghost:core/client/app/helpers/gh-format-html.js": [
22
],
"Ghost:core/client/app/helpers/gh-format-markdown.js": [
7,
28
],
"Ghost:core/client/app/mixins/ed-editor-shortcuts.js": [
106
],
"Ghost:core/client/app/mixins/shortcuts.js": [
9
],
"Ghost:core/client/app/models/user.js": [
67
],
"Ghost:core/client/app/routes/settings/tags.js": [
103
],
"Ghost:core/client/app/utils/random-password.js": [
4
],
"Ghost:core/client/app/utils/validator-extensions.js": [
8
],
"Ghost:core/client/app/utils/word-count.js": [
5
],
"Ghost:core/client/app/validators/invite-user.js": [
9
],
"Ghost:core/client/app/validators/nav-item.js": [
10
],
"Ghost:core/client/app/validators/new-user.js": [
9
],
"Ghost:core/client/app/validators/post.js": [
9
],
"Ghost:core/client/app/validators/reset.js": [
10
],
"Ghost:core/client/app/validators/setting.js": [
8
],
"Ghost:core/client/app/validators/setup.js": [
9
],
"Ghost:core/client/app/validators/signin.js": [
10
],
"Ghost:core/client/app/validators/tag-settings.js": [
9
],
"Ghost:core/client/app/validators/user.js": [
14
],
"Ghost:core/client/tests/acceptance/authentication-test.js": [
38
],
"Ghost:core/client/tests/acceptance/posts/post-test.js": [
28
],
"Ghost:core/client/tests/acceptance/settings/navigation-test.js": [
35
],
"Ghost:core/client/tests/acceptance/settings/tags-test.js": [
67
],
"Ghost:core/client/tests/acceptance/setup-test.js": [
27
],
"Ghost:core/client/tests/acceptance/team-test.js": [
37
],
"Ghost:core/client/tests/integration/components/gh-profile-image-test.js": [
59
],
"Ghost:core/test/functional/client/about_test.js": [
6
],
"Ghost:core/test/functional/client/app_test.js": [
6,
142
],
"Ghost:core/test/functional/client/content_test.js": [
6,
26
],
"Ghost:core/test/functional/client/editor_test.js": [
5,
42
],
"Ghost:core/test/functional/client/psm_test.js": [
6,
66
],
"Ghost:core/test/functional/client/settings_test.js": [
10
],
"Ghost:core/test/functional/client/signin_test.js": [
6,
27,
43,
73
],
"Ghost:core/test/functional/client/signout_test.js": [
5
],
"Ghost:core/test/functional/client/signup_test.js": [
6
],
"Ghost:core/test/functional/client/team_test.js": [
10
],
"Ghost:core/test/functional/setup/setup_test.js": [
5,
11,
20,
79
]
}
