{
"Ghost:core/server/data/importer/handlers/markdown.js": [
8
]
}
