{
"Ghost:core/server/routes/frontend.js": [
27
]
}
