{
"postgraphql:src/graphql/schema/connection/__tests__/createConnectionGqlField-test.js": [
163,
211,
232,
235,
258,
293,
311,
320,
326
],
"postgraphql:src/postgres/inventory/collection/__tests__/PgCollection-test.js": [
107
]
}
