{
"eigen:__mocks__/react-relay.js": [
4
],
"eigen:scripts/check-flags/check-flags.js": [
33,
34,
46,
47,
48
]
}
