{
"eigen:scripts/detect-secrets.js": [
92,
98,
102
],
"eigen:scripts/generate-manifest.js": [
19
],
"eigen:scripts/strictness-migration.js": [
25,
27,
31,
44
]
}
