{
"eigen:src/app/Components/Bidding/Components/PaymentInfo.tsx": [
26
]
}
