{
"eigen:src/app/Components/ArtworkFilter/ArtworkFilterHelpers.ts": [
62,
180
],
"eigen:src/app/Components/Bidding/Elements/Image.tsx": [
13
],
"eigen:src/app/Components/Bidding/types.ts": [
49
],
"eigen:src/app/Components/StickyTabPage/StickyTabPageFlatList.tsx": [
25
],
"eigen:src/app/Scenes/Artwork/Components/ArtworkDetailsRow.tsx": [
15
],
"eigen:src/app/Scenes/MyCollection/utils/formatArtworkDimensions.ts": [
7
],
"eigen:src/palette/elements/Avatar/Avatar.tsx": [
36
],
"eigen:src/palette/elements/Button/Button.tsx": [
22
]
}
