{
"Joust:ts/components/GameWidget.tsx": [
223
],
"Joust:ts/components/GameWrapper.tsx": [
64,
87
],
"Joust:ts/components/Settings.tsx": [
22
]
}
