{
"react-cloud-music:src/application/Player/mini-player/index.jsx": [
1,
6
],
"react-cloud-music:src/application/Player/play-list/index.jsx": [
1,
11,
12,
13,
15,
17
],
"react-cloud-music:src/application/Singer/index.jsx": [
2,
4,
7,
11
]
}
