{
"react-cloud-music:ts-music/src/serviceWorker.js": [
18
]
}
