{
"http:test/ConnectionMock.spec.js": [
152
],
"http:test/Http.spec.js": [
279
],
"http:test/Public.spec.js": [
5
]
}
