{
"backbone:backbone.js": [
1875
],
"backbone:index.html": [
5252
]
}
