{
"rxjs:src/Observable.ts": [
130
],
"rxjs:src/Subject.ts": [
143,
150,
157
],
"rxjs:src/observable/dom/WebSocketSubject.ts": [
196
],
"rxjs:src/operator/toPromise.ts": [
60
],
"rxjs:src/operator/windowTime.ts": [
257
]
}
