{
"ocanvas:src/events.js": [
185
],
"ocanvas:src/style.js": [
274
],
"ocanvas:src/tools.js": [
309
]
}
