{
"paper.js:src/basic/Line.js": [
133
],
"paper.js:src/basic/Point.js": [
132
],
"paper.js:src/basic/Rectangle.js": [
78
],
"paper.js:src/basic/Size.js": [
95
],
"paper.js:src/core/Base.js": [
122,
180,
438,
520
],
"paper.js:src/core/PaperScript.js": [
134,
192,
454
],
"paper.js:src/event/Key.js": [
92
],
"paper.js:src/item/Item.js": [
136,
942,
1998,
2154,
2273,
2504,
3515,
4274,
4326,
4494
],
"paper.js:src/item/Project.js": [
838
],
"paper.js:src/item/Raster.js": [
109
],
"paper.js:src/item/Shape.js": [
194,
298,
349
],
"paper.js:src/path/Curve.js": [
701,
1433,
1561,
1733,
1768,
2027,
2105,
2159,
2262
],
"paper.js:src/path/CurveLocation.js": [
401
],
"paper.js:src/path/Path.js": [
315,
384,
1175,
1288,
1573,
1656,
2290,
2453,
2920
],
"paper.js:src/path/PathItem.Boolean.js": [
110,
309,
395,
536,
567,
779,
872,
916,
1239,
1382
],
"paper.js:src/path/PathItem.js": [
127,
715
],
"paper.js:src/path/Segment.js": [
116,
428,
626
],
"paper.js:src/style/Color.js": [
63,
205,
541,
902
],
"paper.js:src/style/Style.js": [
163,
207
],
"paper.js:src/svg/SvgExport.js": [
21,
202,
286
],
"paper.js:src/svg/SvgImport.js": [
62,
323,
572
],
"paper.js:src/tool/Tool.js": [
304
],
"paper.js:src/util/CollisionDetection.js": [
143
],
"paper.js:src/util/Numerical.js": [
260,
341
],
"paper.js:src/view/View.js": [
1133,
1219,
1313
]
}
