{
"ant-design:components/form/__tests__/index.test.js": [
413,
723
],
"ant-design:components/message/__tests__/hooks.test.js": [
188
],
"ant-design:components/notification/__tests__/hooks.test.js": [
93
]
}
