{
"ant-design:components/alert/index.tsx": [
177
],
"ant-design:components/back-top/index.tsx": [
127
],
"ant-design:components/button/button.tsx": [
284
],
"ant-design:components/layout/Sider.tsx": [
162,
182
],
"ant-design:components/modal/__tests__/Modal.test.tsx": [
80
],
"ant-design:components/modal/__tests__/hook.test.tsx": [
121,
156,
185
],
"ant-design:components/table/hooks/useFilter/FilterDropdown.tsx": [
466
],
"ant-design:components/table/hooks/useFilter/FilterWrapper.tsx": [
9
],
"ant-design:components/tag/CheckableTag.tsx": [
45
],
"ant-design:components/tag/index.tsx": [
99
],
"ant-design:components/typography/Base/index.tsx": [
371
],
"ant-design:components/typography/__tests__/copy.test.tsx": [
214
],
"ant-design:components/upload/UploadList/ListItem.tsx": [
189
],
"ant-design:components/upload/__tests__/type.test.tsx": [
166,
167,
168
],
"ant-design:site/theme/template/Color/ColorPicker.tsx": [
99,
105
],
"ant-design:site/theme/template/Content/Article.tsx": [
113
],
"ant-design:site/theme/template/Layout/Header/SearchBar.tsx": [
158
]
}
