{
"TypeScript:lib/tsc.js": [
13877,
14681,
43347
]
}
