{
"TypeScript:lib/tsc.js": [
575,
885,
1687,
1977,
2001,
8613,
10875,
11187,
18984,
19401,
19969,
20401,
24787,
34674,
37132,
40327,
40462,
40554,
41063,
42134,
42375,
43397,
43902,
44057,
44924,
44947,
45326,
45614,
45750,
45785,
45792,
46739,
46954,
47016,
47031,
47620,
48913,
49059,
49172,
50946,
51047,
51050,
53344,
53826,
55252,
55557,
55577,
55618,
55843,
55972,
56360,
56369
],
"TypeScript:lib/typingsInstaller.js": [
585,
895,
1697,
1987,
2011,
5589,
5894,
5914,
5955,
6180,
6459,
6891
],
"TypeScript:scripts/mocha-parallel.js": [
9,
197
]
}
