{
"TypeScript:scripts/errorCheck.ts": [
3
],
"TypeScript:src/compiler/sys.ts": [
433
]
}
