{
"ace:Makefile.dryice.js": [
34,
35,
36,
37
],
"ace:demo/kitchen-sink/demo.js": [
3,
5,
6,
7,
8,
10,
19,
20,
21,
23,
24,
25,
26,
28,
30,
31,
33,
37,
38,
39,
43,
45,
48,
49,
68,
77,
312,
408,
412,
418,
420,
470,
476,
482,
483
],
"ace:demo/kitchen-sink/dev_util.js": [
1,
2,
3,
4,
5,
6
],
"ace:demo/kitchen-sink/doclist.js": [
3,
4,
5,
7
],
"ace:demo/kitchen-sink/file_drop.js": [
1,
2,
3,
33
],
"ace:demo/kitchen-sink/inline_editor.js": [
3,
4,
5,
6,
9
],
"ace:demo/kitchen-sink/layout.js": [
3,
4,
6,
7,
8,
9,
10
],
"ace:demo/kitchen-sink/token_tooltip.js": [
3,
4,
5,
6,
7
],
"ace:demo/kitchen-sink/util.js": [
3,
4,
6,
7,
8,
9,
10
],
"ace:demo/r.js/editor.html": [
29,
30,
31
],
"ace:demo/static-highlighter/server.js": [
7,
9,
10,
11,
14,
15,
16
],
"ace:doc/build.js": [
1,
2,
3
],
"ace:lib/ace/mode/css/csslint.js": [
1
],
"ace:lib/ace/snippets/jsoniq.js": [
3
],
"ace:lib/ace/snippets/xquery.js": [
3
],
"ace:lib/ace/worker/worker_test.js": [
35
],
"ace:src/ace.js": [
10,
11,
13,
14,
15,
16,
17,
20,
21,
22,
23,
24,
25,
26,
28
],
"ace:src/ace_test.js": [
8,
9,
10
],
"ace:src/anchor.js": [
3,
4
],
"ace:src/anchor_test.js": [
7,
8,
9,
10
],
"ace:src/autocomplete.js": [
3,
4,
5,
6,
7,
8,
9
],
"ace:src/autocomplete/popup.js": [
3,
4,
5,
6,
7,
8
],
"ace:src/autocomplete/text_completer.js": [
1
],
"ace:src/autocomplete_test.js": [
8,
9,
10
],
"ace:src/background_tokenizer.js": [
3,
4
],
"ace:src/background_tokenizer_test.js": [
7,
8,
9,
10,
11
],
"ace:src/bidihandler.js": [
3,
4
],
"ace:src/commands/command_manager.js": [
3,
4,
5
],
"ace:src/commands/command_manager_test.js": [
7,
8,
9
],
"ace:src/commands/default_commands.js": [
3,
4,
5
],
"ace:src/commands/incremental_search_commands.js": [
1,
2,
3,
4
],
"ace:src/commands/multi_select_commands.js": [
100
],
"ace:src/commands/occur_commands.js": [
1,
2,
38,
39
],
"ace:src/config.js": [
3,
4,
5,
6,
7
],
"ace:src/config_test.js": [
7,
8,
9
],
"ace:src/document.js": [
3,
4,
5,
6,
7
],
"ace:src/document_test.js": [
7,
8,
9
],
"ace:src/edit_session.js": [
3,
4,
5,
6,
7,
8,
9,
10,
11,
12,
13,
2425,
2426
],
"ace:src/edit_session/bracket_match.js": [
3,
4
],
"ace:src/edit_session/fold.js": [
3,
4
],
"ace:src/edit_session/fold_line.js": [
3
],
"ace:src/edit_session/folding.js": [
3,
4,
5,
6
],
"ace:src/edit_session_test.js": [
8,
9,
10,
11,
12,
13,
14,
15,
17
],
"ace:src/editor.js": [
3,
4,
5,
6,
7,
8,
9,
10,
11,
12,
13,
14,
15,
16,
17,
18,
20
],
"ace:src/editor_change_document_test.js": [
8,
9,
10,
11,
12,
13,
14,
15
],
"ace:src/editor_commands_test.js": [
8,
9,
10,
11,
12,
13
],
"ace:src/editor_highlight_selected_word_test.js": [
8,
9,
10,
11
],
"ace:src/editor_navigation_test.js": [
8,
9,
10,
11
],
"ace:src/editor_text_edit_test.js": [
8,
9,
10,
11,
12,
13,
14
],
"ace:src/ext/beautify.js": [
4
],
"ace:src/ext/beautify_test.js": [
7,
8,
9,
10,
11
],
"ace:src/ext/code_lens.js": [
2,
3,
4,
5,
199,
200
],
"ace:src/ext/code_lens_test.js": [
10,
11,
12,
13
],
"ace:src/ext/elastic_tabstops_lite.js": [
268,
269
],
"ace:src/ext/emmet.js": [
2,
3,
4,
5,
6
],
"ace:src/ext/emmet_test.js": [
7,
8,
9,
10,
11
],
"ace:src/ext/error_marker.js": [
2,
3,
4
],
"ace:src/ext/error_marker_test.js": [
9,
10,
11
],
"ace:src/ext/hardwrap.js": [
3,
101,
102
],
"ace:src/ext/hardwrap_test.js": [
7,
8,
9,
10
],
"ace:src/ext/keybinding_menu.js": [
14
],
"ace:src/ext/language_tools.js": [
3,
4,
5,
6,
7,
9,
150,
151
],
"ace:src/ext/linking.js": [
1,
3
],
"ace:src/ext/menu_tools/get_editor_keyboard_shortcuts.js": [
14
],
"ace:src/ext/menu_tools/overlay_page.js": [
15,
16
],
"ace:src/ext/options.js": [
3,
5,
6,
7,
8,
11,
12
],
"ace:src/ext/prompt.js": [
25,
26,
27,
28,
29,
30,
31,
32,
33,
34
],
"ace:src/ext/rtl.js": [
19,
20
],
"ace:src/ext/searchbox.js": [
3,
4,
5,
6,
7,
8
],
"ace:src/ext/settings_menu.js": [
15,
16
],
"ace:src/ext/spellcheck.js": [
2,
51,
52
],
"ace:src/ext/split.js": [
6
],
"ace:src/ext/static_highlight.js": [
3,
4,
5,
6,
7,
8
],
"ace:src/ext/static_highlight_test.js": [
7,
8,
9,
10,
11,
12,
13
],
"ace:src/ext/statusbar.js": [
3,
4
],
"ace:src/ext/textarea.js": [
3,
4,
5,
6
],
"ace:src/ext/whitespace.js": [
3
],
"ace:src/ext/whitespace_test.js": [
7,
8,
9,
10,
11,
12
],
"ace:src/incremental_search.js": [
3,
4,
5,
6,
7,
239,
257,
269,
270
],
"ace:src/incremental_search_test.js": [
7,
8,
9,
10,
11,
12,
13,
14,
16
],
"ace:src/keyboard/emacs.js": [
3,
4,
5,
8,
142
],
"ace:src/keyboard/emacs_test.js": [
8,
10,
11,
12,
13,
14,
15
],
"ace:src/keyboard/hash_handler.js": [
3,
4
],
"ace:src/keyboard/keybinding.js": [
3,
4
],
"ace:src/keyboard/keybinding_test.js": [
7,
8,
9,
10,
11,
12
],
"ace:src/keyboard/sublime.js": [
3
],
"ace:src/keyboard/sublime_test.js": [
8,
10,
11,
12,
13,
14,
15
],
"ace:src/keyboard/textarea.js": [
3
],
"ace:src/keyboard/textinput.js": [
3,
4,
5,
6,
7,
13
],
"ace:src/keyboard/textinput_test.js": [
9,
10,
11,
12,
13
],
"ace:src/keyboard/vim.js": [
63,
64,
65,
66,
67,
68,
69,
70,
71,
72,
73,
74,
75
],
"ace:src/keyboard/vim_ace_test.js": [
9,
10,
11,
12,
13,
15
],
"ace:src/keyboard/vim_test.js": [
7,
8,
9,
10,
11,
12,
13,
14,
15,
16,
17
],
"ace:src/keyboard/vscode.js": [
3,
4
],
"ace:src/layer/cursor.js": [
3
],
"ace:src/layer/decorators.js": [
2,
3,
4
],
"ace:src/layer/font_metrics.js": [
1,
2,
3,
4,
5,
6
],
"ace:src/layer/gutter.js": [
3,
4,
5,
6,
7
],
"ace:src/layer/lines.js": [
3
],
"ace:src/layer/marker.js": [
3,
4
],
"ace:src/layer/text.js": [
3,
4,
5,
6,
7
],
"ace:src/layer/text_test.js": [
8,
9,
10,
11,
12
],
"ace:src/lib/app_config.js": [
3,
4
],
"ace:src/lib/dom.js": [
3
],
"ace:src/lib/event.js": [
3,
4
],
"ace:src/lib/event_emitter_test.js": [
7,
8,
9
],
"ace:src/lib/fixoldbrowsers.js": [
15
],
"ace:src/lib/keys.js": [
36
],
"ace:src/lib/net.js": [
10
],
"ace:src/line_widgets.js": [
3
],
"ace:src/mode/_test/highlight_rules_test.js": [
1,
2,
3,
4,
5,
6,
7,
13
],
"ace:src/mode/abap.js": [
3,
4,
5,
6,
7
],
"ace:src/mode/abap_highlight_rules.js": [
12,
13
],
"ace:src/mode/abc.js": [
7,
8,
9,
10
],
"ace:src/mode/abc_highlight_rules.js": [
13,
14
],
"ace:src/mode/actionscript.js": [
7,
8,
9,
10
],
"ace:src/mode/actionscript_highlight_rules.js": [
9,
10
],
"ace:src/mode/ada.js": [
3,
4,
5,
6
],
"ace:src/mode/ada_highlight_rules.js": [
3,
4
],
"ace:src/mode/ada_test.js": [
7,
8,
9
],
"ace:src/mode/alda.js": [
7,
8,
9,
11
],
"ace:src/mode/alda_highlight_rules.js": [
9,
10
],
"ace:src/mode/apache_conf.js": [
7,
8,
9,
10
],
"ace:src/mode/apache_conf_highlight_rules.js": [
9,
10
],
"ace:src/mode/apex.js": [
5,
6,
7,
8,
9
],
"ace:src/mode/apex_highlight_rules.js": [
3,
4,
5
],
"ace:src/mode/applescript.js": [
3,
4,
5,
6
],
"ace:src/mode/applescript_highlight_rules.js": [
3,
4
],
"ace:src/mode/aql.js": [
3,
4,
5
],
"ace:src/mode/aql_highlight_rules.js": [
3,
4
],
"ace:src/mode/asciidoc.js": [
3,
4,
5,
6
],
"ace:src/mode/asciidoc_highlight_rules.js": [
3,
4
],
"ace:src/mode/asl.js": [
3,
4,
5,
6
],
"ace:src/mode/asl_highlight_rules.js": [
3,
4,
5
],
"ace:src/mode/assembly_x86.js": [
7,
8,
9,
10
],
"ace:src/mode/assembly_x86_highlight_rules.js": [
9,
10
],
"ace:src/mode/autohotkey.js": [
7,
8,
9,
10
],
"ace:src/mode/batchfile.js": [
7,
8,
9,
10
],
"ace:src/mode/batchfile_highlight_rules.js": [
9,
10
],
"ace:src/mode/behaviour/behaviour_test.js": [
8,
9,
10,
11,
12,
13,
14,
15,
16,
17,
18,
19,
20
],
"ace:src/mode/behaviour/css.js": [
3,
4,
5,
6
],
"ace:src/mode/behaviour/cstyle.js": [
3,
4,
5,
6
],
"ace:src/mode/behaviour/html.js": [
3,
4
],
"ace:src/mode/behaviour/liquid.js": [
3,
4,
5,
6,
7
],
"ace:src/mode/behaviour/xml.js": [
3,
4,
5,
6
],
"ace:src/mode/behaviour/xquery.js": [
3,
4,
5,
6,
7
],
"ace:src/mode/bibtex.js": [
3,
4,
5,
6
],
"ace:src/mode/bibtex_highlight_rules.js": [
3,
4
],
"ace:src/mode/c9search.js": [
3,
4,
5,
6,
7
],
"ace:src/mode/c9search_highlight_rules.js": [
3,
4,
5
],
"ace:src/mode/c_cpp.js": [
3,
4,
5,
6,
7,
8,
9
],
"ace:src/mode/c_cpp_highlight_rules.js": [
3,
4,
5
],
"ace:src/mode/cirru.js": [
3,
4,
5,
6
],
"ace:src/mode/cirru_highlight_rules.js": [
3,
4
],
"ace:src/mode/clojure.js": [
3,
4,
5,
6
],
"ace:src/mode/clojure_highlight_rules.js": [
3,
4
],
"ace:src/mode/cobol.js": [
3,
4,
5
],
"ace:src/mode/cobol_highlight_rules.js": [
3,
4
],
"ace:src/mode/coffee.js": [
3,
4,
5,
6,
7,
8,
9
],
"ace:src/mode/coffee_highlight_rules.js": [
3,
4
],
"ace:src/mode/coldfusion.js": [
3,
4,
5,
6
],
"ace:src/mode/coldfusion_highlight_rules.js": [
3,
4,
5
],
"ace:src/mode/coldfusion_test.js": [
7,
8,
9,
10
],
"ace:src/mode/crystal.js": [
3,
4,
5,
6,
7,
8,
9
],
"ace:src/mode/crystal_highlight_rules.js": [
3,
4
],
"ace:src/mode/csharp.js": [
3,
4,
5,
6,
7,
8
],
"ace:src/mode/csharp_highlight_rules.js": [
3,
4,
5
],
"ace:src/mode/csound_document.js": [
3,
4,
5
],
"ace:src/mode/csound_document_highlight_rules.js": [
3,
5,
6,
7,
8
],
"ace:src/mode/csound_orchestra.js": [
3,
4,
5
],
"ace:src/mode/csound_orchestra_highlight_rules.js": [
3,
4,
6,
7,
8,
9
],
"ace:src/mode/csound_preprocessor_highlight_rules.js": [
3,
5
],
"ace:src/mode/csound_score.js": [
3,
4,
5
],
"ace:src/mode/csound_score_highlight_rules.js": [
3,
5
],
"ace:src/mode/csp.js": [
7,
8,
9
],
"ace:src/mode/csp_highlight_rules.js": [
11,
12
],
"ace:src/mode/css.js": [
3,
4,
5,
6,
7,
8,
9,
10
],
"ace:src/mode/css_highlight_rules.js": [
3,
4,
5
],
"ace:src/mode/css_test.js": [
7,
8,
9
],
"ace:src/mode/curly.js": [
3,
5,
6,
7,
10
],
"ace:src/mode/curly_highlight_rules.js": [
3,
4
],
"ace:src/mode/d.js": [
7,
8,
9,
10
],
"ace:src/mode/d_highlight_rules.js": [
3,
4,
5
],
"ace:src/mode/dart.js": [
7,
8,
9,
10
],
"ace:src/mode/dart_highlight_rules.js": [
6,
7,
8
],
"ace:src/mode/diff.js": [
3,
4,
5,
6
],
"ace:src/mode/diff_highlight_rules.js": [
3,
4
],
"ace:src/mode/django.js": [
1,
2,
3,
4
],
"ace:src/mode/doc_comment_highlight_rules.js": [
3,
4
],
"ace:src/mode/dockerfile.js": [
3,
4,
5,
6
],
"ace:src/mode/dockerfile_highlight_rules.js": [
3,
4
],
"ace:src/mode/dot.js": [
3,
4,
5,
6,
7
],
"ace:src/mode/dot_highlight_rules.js": [
3,
4,
5,
6
],
"ace:src/mode/drools.js": [
3,
4,
5,
6
],
"ace:src/mode/drools_highlight_rules.js": [
3,
4,
5,
6
],
"ace:src/mode/edifact.js": [
3,
4,
5
],
"ace:src/mode/edifact_highlight_rules.js": [
3,
4,
5
],
"ace:src/mode/eiffel.js": [
3,
4,
5
],
"ace:src/mode/eiffel_highlight_rules.js": [
3,
4
],
"ace:src/mode/ejs.js": [
3,
4,
5,
42,
43,
44,
45,
46
],
"ace:src/mode/elixir.js": [
7,
8,
9,
10
],
"ace:src/mode/elixir_highlight_rules.js": [
9,
10
],
"ace:src/mode/elm.js": [
7,
8,
9,
10
],
"ace:src/mode/elm_highlight_rules.js": [
5,
6
],
"ace:src/mode/erlang.js": [
7,
8,
9,
10
],
"ace:src/mode/erlang_highlight_rules.js": [
9,
10
],
"ace:src/mode/folding/asciidoc.js": [
3,
4,
5
],
"ace:src/mode/folding/c9search.js": [
3,
4,
5
],
"ace:src/mode/folding/coffee.js": [
3,
4,
5
],
"ace:src/mode/folding/coffee_test.js": [
2,
6,
7,
8,
69
],
"ace:src/mode/folding/csharp.js": [
3,
4,
5
],
"ace:src/mode/folding/cstyle.js": [
3,
4,
5
],
"ace:src/mode/folding/cstyle_test.js": [
2,
6,
7,
8,
77
],
"ace:src/mode/folding/diff.js": [
3,
4,
5
],
"ace:src/mode/folding/drools.js": [
3,
4,
5,
6
],
"ace:src/mode/folding/fold_mode.js": [
3
],
"ace:src/mode/folding/fold_mode_test.js": [
2,
6,
7,
8,
44
],
"ace:src/mode/folding/haskell_cabal.js": [
8,
9,
10
],
"ace:src/mode/folding/html.js": [
3,
4,
5,
6
],
"ace:src/mode/folding/html_test.js": [
2,
6,
7,
8,
154
],
"ace:src/mode/folding/ini.js": [
3,
4,
5
],
"ace:src/mode/folding/java.js": [
3,
4,
5
],
"ace:src/mode/folding/latex.js": [
3,
4,
5,
6
],
"ace:src/mode/folding/lua.js": [
3,
4,
5,
6
],
"ace:src/mode/folding/markdown.js": [
3,
4,
5
],
"ace:src/mode/folding/mixed.js": [
3,
4
],
"ace:src/mode/folding/pythonic.js": [
3,
4
],
"ace:src/mode/folding/pythonic_test.js": [
2,
6,
7,
8,
87
],
"ace:src/mode/folding/ruby.js": [
3,
4,
5,
6
],
"ace:src/mode/folding/ruby_test.js": [
2,
6,
7,
8,
249
],
"ace:src/mode/folding/sql.js": [
3,
4
],
"ace:src/mode/folding/sqlserver.js": [
3,
4,
5
],
"ace:src/mode/folding/vbscript.js": [
3,
4,
5,
6
],
"ace:src/mode/folding/vbscript_test.js": [
2,
6,
7,
8,
58
],
"ace:src/mode/folding/velocity.js": [
3,
4,
5
],
"ace:src/mode/folding/xml.js": [
3,
4,
5
],
"ace:src/mode/folding/xml_test.js": [
2,
6,
7,
8,
78
],
"ace:src/mode/forth.js": [
7,
8,
9,
10
],
"ace:src/mode/forth_highlight_rules.js": [
9,
10
],
"ace:src/mode/fortran.js": [
5,
6,
7,
8,
9
],
"ace:src/mode/fortran_highlight_rules.js": [
5,
6
],
"ace:src/mode/fsharp.js": [
3,
4,
5,
6
],
"ace:src/mode/fsharp_highlight_rules.js": [
3,
4
],
"ace:src/mode/fsl.js": [
7,
8,
9,
11
],
"ace:src/mode/fsl_highlight_rules.js": [
3,
4
],
"ace:src/mode/ftl.js": [
3,
4,
5
],
"ace:src/mode/ftl_highlight_rules.js": [
3,
4,
5
],
"ace:src/mode/gcode.js": [
3,
4,
5,
6
],
"ace:src/mode/gcode_highlight_rules.js": [
3,
4
],
"ace:src/mode/gherkin.js": [
1,
2,
3
],
"ace:src/mode/gherkin_highlight_rules.js": [
1,
2
],
"ace:src/mode/gitignore.js": [
3,
4,
5
],
"ace:src/mode/gitignore_highlight_rules.js": [
3,
4
],
"ace:src/mode/glsl.js": [
3,
4,
5,
6,
7,
8,
9
],
"ace:src/mode/glsl_highlight_rules.js": [
3,
4
],
"ace:src/mode/gobstones.js": [
3,
4,
5
],
"ace:src/mode/gobstones_highlight_rules.js": [
3,
4
],
"ace:src/mode/golang.js": [
1,
2,
3,
4,
5,
6
],
"ace:src/mode/golang_highlight_rules.js": [
1,
2,
3
],
"ace:src/mode/graphqlschema.js": [
3,
4,
5,
6
],
"ace:src/mode/graphqlschema_highlight_rules.js": [
3,
4
],
"ace:src/mode/groovy.js": [
3,
4,
5
],
"ace:src/mode/groovy_highlight_rules.js": [
3,
4,
5
],
"ace:src/mode/haml.js": [
7,
8,
9,
10
],
"ace:src/mode/haml_highlight_rules.js": [
3,
4,
5
],
"ace:src/mode/handlebars.js": [
5,
6,
7,
8,
9
],
"ace:src/mode/handlebars_highlight_rules.js": [
5,
6
],
"ace:src/mode/haskell.js": [
7,
8,
9,
11
],
"ace:src/mode/haskell_cabal.js": [
7,
8,
9,
10
],
"ace:src/mode/haskell_cabal_highlight_rules.js": [
7,
8
],
"ace:src/mode/haskell_highlight_rules.js": [
9,
10
],
"ace:src/mode/haxe.js": [
3,
4,
5,
6,
7,
8
],
"ace:src/mode/haxe_highlight_rules.js": [
3,
5,
6
],
"ace:src/mode/hjson.js": [
3,
4,
5,
6
],
"ace:src/mode/hjson_highlight_rules.js": [
9,
10
],
"ace:src/mode/html.js": [
3,
4,
5,
6,
7,
8,
9,
10,
11,
12
],
"ace:src/mode/html_completions.js": [
3
],
"ace:src/mode/html_elixir.js": [
3,
4,
5,
6,
7,
8
],
"ace:src/mode/html_elixir_highlight_rules.js": [
3,
4,
5
],
"ace:src/mode/html_highlight_rules.js": [
3,
4,
5,
6,
7
],
"ace:src/mode/html_ruby.js": [
3,
4,
5,
6,
7,
8
],
"ace:src/mode/html_ruby_highlight_rules.js": [
3,
4,
5
],
"ace:src/mode/html_test.js": [
7,
8,
9,
10
],
"ace:src/mode/ini.js": [
3,
4,
5,
7
],
"ace:src/mode/ini_highlight_rules.js": [
5,
6
],
"ace:src/mode/io.js": [
7,
8,
9,
10
],
"ace:src/mode/io_highlight_rules.js": [
9,
10
],
"ace:src/mode/ion.js": [
7,
8,
9,
10,
11,
12
],
"ace:src/mode/ion_highlight_rules.js": [
7,
8
],
"ace:src/mode/jack.js": [
3,
4,
5,
6,
7,
8
],
"ace:src/mode/jack_highlight_rules.js": [
3,
4
],
"ace:src/mode/jade.js": [
3,
4,
5,
6
],
"ace:src/mode/jade_highlight_rules.js": [
7,
8,
9,
10,
11,
12,
13
],
"ace:src/mode/java.js": [
3,
4,
5,
6
],
"ace:src/mode/java_highlight_rules.js": [
3,
4,
5
],
"ace:src/mode/javascript.js": [
3,
4,
5,
6,
7,
8,
9
],
"ace:src/mode/javascript_highlight_rules.js": [
3,
4,
5
],
"ace:src/mode/javascript_test.js": [
7,
8,
9,
10
],
"ace:src/mode/jexl.js": [
3,
4,
5,
6,
7
],
"ace:src/mode/jexl_highlight_rules.js": [
3,
4
],
"ace:src/mode/js_regex_highlight_rules.js": [
3,
4
],
"ace:src/mode/json.js": [
3,
4,
5,
6,
7,
8,
9
],
"ace:src/mode/json5.js": [
3,
4,
5,
6,
7,
8
],
"ace:src/mode/json5_highlight_rules.js": [
3,
4
],
"ace:src/mode/json_highlight_rules.js": [
3,
4
],
"ace:src/mode/jsp.js": [
3,
4,
5,
6,
7,
8
],
"ace:src/mode/jsp_highlight_rules.js": [
3,
4,
5
],
"ace:src/mode/jssm.js": [
7,
8,
9,
11
],
"ace:src/mode/jssm_highlight_rules.js": [
9,
10
],
"ace:src/mode/jsx.js": [
3,
4,
5,
6,
7,
8
],
"ace:src/mode/jsx_highlight_rules.js": [
1,
2,
3,
4
],
"ace:src/mode/julia.js": [
7,
8,
9,
11
],
"ace:src/mode/julia_highlight_rules.js": [
9,
10
],
"ace:src/mode/kotlin.js": [
7,
8,
9,
10,
11
],
"ace:src/mode/kotlin_highlight_rules.js": [
3,
4
],
"ace:src/mode/latex.js": [
3,
4,
5,
6,
7
],
"ace:src/mode/latex_highlight_rules.js": [
3,
4
],
"ace:src/mode/latte.js": [
3,
4,
5,
6
],
"ace:src/mode/latte_highlight_rules.js": [
3,
4,
5
],
"ace:src/mode/less.js": [
3,
4,
5,
6,
7,
8,
10
],
"ace:src/mode/less_highlight_rules.js": [
3,
4,
5
],
"ace:src/mode/liquid.js": [
1,
2,
3,
4,
5,
6,
7
],
"ace:src/mode/liquid_highlight_rules.js": [
3,
4,
5
],
"ace:src/mode/lisp.js": [
7,
8,
9
],
"ace:src/mode/lisp_highlight_rules.js": [
6,
7
],
"ace:src/mode/livescript.js": [
37
],
"ace:src/mode/logiql.js": [
3,
4,
5,
6,
7,
8,
9,
10
],
"ace:src/mode/logiql_highlight_rules.js": [
5,
6
],
"ace:src/mode/logiql_test.js": [
7,
8,
9
],
"ace:src/mode/logtalk.js": [
7,
8,
9,
10,
12
],
"ace:src/mode/logtalk_highlight_rules.js": [
15,
16
],
"ace:src/mode/lsl.js": [
3,
4,
5,
6,
7,
8,
9
],
"ace:src/mode/lua.js": [
3,
4,
5,
6,
7,
8
],
"ace:src/mode/lua_highlight_rules.js": [
3,
4
],
"ace:src/mode/luapage.js": [
3,
4,
5,
6
],
"ace:src/mode/luapage_highlight_rules.js": [
6,
7,
8
],
"ace:src/mode/lucene.js": [
3,
4,
5
],
"ace:src/mode/lucene_highlight_rules.js": [
3,
4
],
"ace:src/mode/makefile.js": [
7,
8,
9,
10
],
"ace:src/mode/makefile_highlight_rules.js": [
3,
4,
6
],
"ace:src/mode/markdown.js": [
3,
4,
5,
6,
7
],
"ace:src/mode/markdown_highlight_rules.js": [
3,
5,
6,
7,
8
],
"ace:src/mode/mask.js": [
3,
4,
5,
6,
7,
8
],
"ace:src/mode/mask_highlight_rules.js": [
5,
6,
7,
8,
9,
10,
11
],
"ace:src/mode/matching_brace_outdent.js": [
3
],
"ace:src/mode/matching_parens_outdent.js": [
3
],
"ace:src/mode/matlab.js": [
3,
4,
5
],
"ace:src/mode/matlab_highlight_rules.js": [
3,
4
],
"ace:src/mode/maze.js": [
3,
4,
5,
6
],
"ace:src/mode/maze_highlight_rules.js": [
3,
4
],
"ace:src/mode/mediawiki.js": [
3,
4,
5
],
"ace:src/mode/mediawiki_highlight_rules.js": [
3,
4
],
"ace:src/mode/mel.js": [
3,
4,
5,
6,
7
],
"ace:src/mode/mips.js": [
7,
8,
9,
11
],
"ace:src/mode/mips_highlight_rules.js": [
9,
10
],
"ace:src/mode/mixal.js": [
3,
4,
5
],
"ace:src/mode/mixal_highlight_rules.js": [
3,
4
],
"ace:src/mode/mushcode.js": [
3,
4,
5,
6,
7
],
"ace:src/mode/mushcode_highlight_rules.js": [
7,
8
],
"ace:src/mode/mysql.js": [
1,
2,
3
],
"ace:src/mode/mysql_highlight_rules.js": [
1,
2,
3,
4
],
"ace:src/mode/nginx.js": [
3,
4,
5,
6
],
"ace:src/mode/nginx_highlight_rules.js": [
3,
4
],
"ace:src/mode/nim.js": [
3,
4,
5,
6
],
"ace:src/mode/nim_highlight_rules.js": [
3,
4
],
"ace:src/mode/nix.js": [
7,
8,
9,
10
],
"ace:src/mode/nix_highlight_rules.js": [
3,
4
],
"ace:src/mode/nsis.js": [
7,
8,
9,
10
],
"ace:src/mode/nsis_highlight_rules.js": [
3,
4
],
"ace:src/mode/nunjucks.js": [
3,
4,
5
],
"ace:src/mode/nunjucks_highlight_rules.js": [
3,
4,
5
],
"ace:src/mode/objectivec.js": [
7,
8,
9,
10
],
"ace:src/mode/objectivec_highlight_rules.js": [
3,
4,
5
],
"ace:src/mode/ocaml.js": [
3,
4,
5,
6,
7
],
"ace:src/mode/ocaml_highlight_rules.js": [
3,
4
],
"ace:src/mode/partiql.js": [
7,
8,
9,
10,
11,
12
],
"ace:src/mode/partiql_highlight_rules.js": [
7,
8,
10
],
"ace:src/mode/pascal.js": [
7,
8,
9,
11
],
"ace:src/mode/pascal_highlight_rules.js": [
3,
4
],
"ace:src/mode/perl.js": [
3,
4,
5,
6,
7
],
"ace:src/mode/perl_highlight_rules.js": [
3,
4
],
"ace:src/mode/pgsql.js": [
1,
2,
3
],
"ace:src/mode/pgsql_highlight_rules.js": [
1,
2,
3,
4,
6,
7,
8,
9
],
"ace:src/mode/php.js": [
3,
4,
5,
6,
7,
8,
9,
10,
11,
12,
13,
14,
15,
16
],
"ace:src/mode/php_highlight_rules.js": [
3,
4,
5,
6,
7
],
"ace:src/mode/php_laravel_blade.js": [
3,
4,
5,
6,
7,
8
],
"ace:src/mode/php_laravel_blade_highlight_rules.js": [
3,
4
],
"ace:src/mode/php_test.js": [
7,
8,
9,
10
],
"ace:src/mode/pig.js": [
7,
8,
9,
11
],
"ace:src/mode/pig_highlight_rules.js": [
9,
10
],
"ace:src/mode/plain_text.js": [
3,
4,
5,
6
],
"ace:src/mode/plain_text_test.js": [
7,
8,
9
],
"ace:src/mode/powershell.js": [
3,
4,
5,
6,
7,
8
],
"ace:src/mode/powershell_highlight_rules.js": [
3,
4
],
"ace:src/mode/praat.js": [
3,
4,
5,
6,
7
],
"ace:src/mode/praat_highlight_rules.js": [
3,
4
],
"ace:src/mode/prisma.js": [
7,
8,
9,
11
],
"ace:src/mode/prisma_highlight_rules.js": [
9,
10
],
"ace:src/mode/prolog.js": [
7,
8,
9,
10
],
"ace:src/mode/prolog_highlight_rules.js": [
9,
10
],
"ace:src/mode/properties.js": [
3,
4,
5
],
"ace:src/mode/properties_highlight_rules.js": [
3,
4
],
"ace:src/mode/protobuf.js": [
7,
8,
9,
10
],
"ace:src/mode/protobuf_highlight_rules.js": [
3,
4
],
"ace:src/mode/puppet.js": [
3,
4,
5,
6,
7,
8
],
"ace:src/mode/puppet_highlight_rules.js": [
3,
4
],
"ace:src/mode/python.js": [
3,
4,
5,
6,
7
],
"ace:src/mode/python_highlight_rules.js": [
7,
8
],
"ace:src/mode/python_test.js": [
7,
8,
9,
10
],
"ace:src/mode/qml.js": [
7,
8,
9,
10
],
"ace:src/mode/qml_highlight_rules.js": [
3,
4
],
"ace:src/mode/r.js": [
41,
42,
43,
44,
45,
46,
47
],
"ace:src/mode/r_highlight_rules.js": [
40,
41,
42,
43
],
"ace:src/mode/raku.js": [
3,
4,
5,
6,
7
],
"ace:src/mode/raku_highlight_rules.js": [
3,
4
],
"ace:src/mode/razor.js": [
3,
4,
5,
6,
7
],
"ace:src/mode/razor_completions.js": [
3
],
"ace:src/mode/razor_highlight_rules.js": [
3,
4,
5,
6,
7
],
"ace:src/mode/rdoc.js": [
41,
42,
43,
44
],
"ace:src/mode/rdoc_highlight_rules.js": [
36,
37,
38,
39
],
"ace:src/mode/red.js": [
3,
4,
5,
6,
7,
8
],
"ace:src/mode/red_highlight_rules.js": [
3,
4
],
"ace:src/mode/redshift.js": [
1,
2,
3,
4
],
"ace:src/mode/redshift_highlight_rules.js": [
1,
2,
3,
4,
6
],
"ace:src/mode/rhtml.js": [
40,
41,
43
],
"ace:src/mode/rhtml_highlight_rules.js": [
41,
42,
43,
44
],
"ace:src/mode/robot.js": [
3,
4,
5,
6
],
"ace:src/mode/robot_highlight_rules.js": [
3,
4
],
"ace:src/mode/rst.js": [
3,
4,
5
],
"ace:src/mode/rst_highlight_rules.js": [
3,
4,
5
],
"ace:src/mode/ruby.js": [
3,
4,
5,
6,
7,
8,
9
],
"ace:src/mode/ruby_highlight_rules.js": [
3,
4
],
"ace:src/mode/ruby_test.js": [
7,
8,
9
],
"ace:src/mode/rust.js": [
7,
8,
9,
10
],
"ace:src/mode/rust_highlight_rules.js": [
5,
6,
7
],
"ace:src/mode/sac.js": [
3,
4,
5,
6
],
"ace:src/mode/sac_highlight_rules.js": [
3,
4,
5
],
"ace:src/mode/sass.js": [
3,
4,
5,
6
],
"ace:src/mode/sass_highlight_rules.js": [
3,
4,
5
],
"ace:src/mode/scad.js": [
3,
4,
5,
6,
7,
8
],
"ace:src/mode/scad_highlight_rules.js": [
3,
4,
5,
6
],
"ace:src/mode/scala.js": [
3,
4,
5
],
"ace:src/mode/scala_highlight_rules.js": [
3,
4,
5
],
"ace:src/mode/scheme.js": [
3,
4,
5,
6
],
"ace:src/mode/scheme_highlight_rules.js": [
3,
4
],
"ace:src/mode/scrypt.js": [
7,
8,
9,
10
],
"ace:src/mode/scrypt_highlight_rules.js": [
9,
10,
11
],
"ace:src/mode/scss.js": [
3,
4,
5,
6,
7,
8,
9
],
"ace:src/mode/scss_highlight_rules.js": [
3,
4,
5,
6
],
"ace:src/mode/sh.js": [
3,
4,
5,
6,
7,
8
],
"ace:src/mode/sh_highlight_rules.js": [
3,
4
],
"ace:src/mode/sjs.js": [
2,
3,
4,
5,
6,
7
],
"ace:src/mode/sjs_highlight_rules.js": [
3,
4,
5
],
"ace:src/mode/slim.js": [
3,
4,
5
],
"ace:src/mode/slim_highlight_rules.js": [
3,
5,
6
],
"ace:src/mode/smarty.js": [
3,
4,
5
],
"ace:src/mode/smarty_highlight_rules.js": [
9,
10
],
"ace:src/mode/smithy.js": [
3,
4,
5,
6,
7,
8
],
"ace:src/mode/smithy_highlight_rules.js": [
9,
10
],
"ace:src/mode/snippets.js": [
3,
4,
5,
96
],
"ace:src/mode/soy_template.js": [
3,
4,
5
],
"ace:src/mode/soy_template_highlight_rules.js": [
9,
10
],
"ace:src/mode/space.js": [
2,
4,
5,
7
],
"ace:src/mode/space_highlight_rules.js": [
3,
4
],
"ace:src/mode/sparql.js": [
7,
8,
9,
11
],
"ace:src/mode/sparql_highlight_rules.js": [
9,
10
],
"ace:src/mode/sql.js": [
3,
4,
5,
6
],
"ace:src/mode/sql_highlight_rules.js": [
3,
4
],
"ace:src/mode/sqlserver.js": [
3,
4,
5,
6
],
"ace:src/mode/sqlserver_highlight_rules.js": [
3,
4,
5
],
"ace:src/mode/stylus.js": [
7,
8,
9,
10
],
"ace:src/mode/stylus_highlight_rules.js": [
6,
7,
8
],
"ace:src/mode/svg.js": [
3,
4,
5,
6,
7,
8,
9
],
"ace:src/mode/svg_highlight_rules.js": [
3,
4,
5
],
"ace:src/mode/swift.js": [
7,
8,
9,
10,
12
],
"ace:src/mode/swift_highlight_rules.js": [
3,
4,
5,
6
],
"ace:src/mode/tcl.js": [
3,
4,
5,
6,
7,
8
],
"ace:src/mode/tcl_highlight_rules.js": [
3,
4
],
"ace:src/mode/terraform.js": [
3,
4,
5,
6,
7,
8
],
"ace:src/mode/terraform_highlight_rules.js": [
3,
4
],
"ace:src/mode/tex.js": [
41,
42,
43,
44,
45
],
"ace:src/mode/tex_highlight_rules.js": [
41,
42,
43
],
"ace:src/mode/text.js": [
2,
4,
5,
6,
7,
8,
9,
10
],
"ace:src/mode/text_highlight_rules.js": [
3
],
"ace:src/mode/text_test.js": [
7,
8,
9
],
"ace:src/mode/textile.js": [
3,
4,
5,
6
],
"ace:src/mode/textile_highlight_rules.js": [
3,
4
],
"ace:src/mode/toml.js": [
3,
4,
5,
6
],
"ace:src/mode/toml_highlight_rules.js": [
3,
4
],
"ace:src/mode/tsx.js": [
7,
8
],
"ace:src/mode/turtle.js": [
7,
8,
9,
11
],
"ace:src/mode/turtle_highlight_rules.js": [
9,
10
],
"ace:src/mode/twig.js": [
3,
4,
5,
6
],
"ace:src/mode/twig_highlight_rules.js": [
3,
4,
5,
6
],
"ace:src/mode/typescript.js": [
7,
8,
9,
10,
11,
12
],
"ace:src/mode/typescript_highlight_rules.js": [
6,
7
],
"ace:src/mode/vala.js": [
7,
8,
9,
10,
11,
12,
13,
14
],
"ace:src/mode/vala_highlight_rules.js": [
9,
10
],
"ace:src/mode/vbscript.js": [
7,
8,
9,
10,
11
],
"ace:src/mode/vbscript_highlight_rules.js": [
6,
7
],
"ace:src/mode/vbscript_test.js": [
7,
8,
9
],
"ace:src/mode/velocity.js": [
7,
8,
9,
10
],
"ace:src/mode/velocity_highlight_rules.js": [
3,
4,
5,
6
],
"ace:src/mode/verilog.js": [
3,
4,
5,
6
],
"ace:src/mode/verilog_highlight_rules.js": [
3,
4
],
"ace:src/mode/vhdl.js": [
3,
4,
5
],
"ace:src/mode/vhdl_highlight_rules.js": [
3,
4
],
"ace:src/mode/visualforce.js": [
5,
6,
7,
8,
9
],
"ace:src/mode/visualforce_highlight_rules.js": [
5,
6
],
"ace:src/mode/wollok.js": [
3,
4,
5
],
"ace:src/mode/wollok_highlight_rules.js": [
3,
4,
5
],
"ace:src/mode/xml.js": [
3,
4,
5,
6,
7,
8,
9
],
"ace:src/mode/xml_highlight_rules.js": [
3,
4
],
"ace:src/mode/xml_test.js": [
7,
8,
9,
10
],
"ace:src/mode/yaml.js": [
3,
4,
5,
6,
7,
8
],
"ace:src/mode/yaml_highlight_rules.js": [
3,
4
],
"ace:src/mode/zeek.js": [
7,
8,
9,
10
],
"ace:src/mode/zeek_highlight_rules.js": [
3,
4
],
"ace:src/mouse/default_gutter_handler.js": [
2,
3,
4,
5
],
"ace:src/mouse/default_handlers.js": [
3
],
"ace:src/mouse/dragdrop_handler.js": [
3,
4,
5
],
"ace:src/mouse/fold_handler.js": [
2
],
"ace:src/mouse/mouse_event.js": [
3,
4
],
"ace:src/mouse/mouse_handler.js": [
3,
4,
5,
6,
7,
8,
9,
10
],
"ace:src/mouse/mouse_handler_test.js": [
8,
9,
10,
11,
12,
13
],
"ace:src/mouse/multi_select_handler.js": [
1,
2
],
"ace:src/mouse/touch_handler.js": [
3,
4,
5
],
"ace:src/multi_select.js": [
1,
2,
3,
4,
5,
6,
7,
11,
22,
304,
915
],
"ace:src/multi_select_test.js": [
8,
9,
10,
11,
12,
13,
14
],
"ace:src/occur.js": [
3,
4,
5,
6,
7,
144
],
"ace:src/occur_test.js": [
7,
8,
9,
10,
11,
12,
13
],
"ace:src/placeholder.js": [
3,
4,
5
],
"ace:src/placeholder_test.js": [
8,
9,
10,
11,
12,
13,
14,
15
],
"ace:src/range_list.js": [
2
],
"ace:src/range_list_test.js": [
7,
8,
9,
10
],
"ace:src/range_test.js": [
7,
8,
9
],
"ace:src/renderloop.js": [
3
],
"ace:src/scrollbar.js": [
3,
4,
5,
6
],
"ace:src/scrollbar_custom.js": [
3,
4,
5,
6
],
"ace:src/scrollbar_test.js": [
8,
9,
10
],
"ace:src/search.js": [
3,
4,
5
],
"ace:src/search_highlight.js": [
3,
4,
5
],
"ace:src/search_test.js": [
7,
8,
9,
10,
11
],
"ace:src/selection.js": [
3,
4,
5,
6
],
"ace:src/selection_test.js": [
7,
8,
9,
10
],
"ace:src/snippets.js": [
2,
3,
4,
5,
6,
7,
8,
9,
10,
1012
],
"ace:src/snippets/abc.js": [
3
],
"ace:src/snippets/actionscript.js": [
3
],
"ace:src/snippets/c_cpp.js": [
3
],
"ace:src/snippets/clojure.js": [
3
],
"ace:src/snippets/coffee.js": [
3
],
"ace:src/snippets/csound_document.js": [
3
],
"ace:src/snippets/csound_orchestra.js": [
3
],
"ace:src/snippets/css.js": [
3
],
"ace:src/snippets/dart.js": [
3
],
"ace:src/snippets/diff.js": [
3
],
"ace:src/snippets/django.js": [
3
],
"ace:src/snippets/drools.js": [
3
],
"ace:src/snippets/edifact.js": [
3
],
"ace:src/snippets/erlang.js": [
3
],
"ace:src/snippets/fsl.js": [
3
],
"ace:src/snippets/gobstones.js": [
3
],
"ace:src/snippets/graphqlschema.js": [
3
],
"ace:src/snippets/haml.js": [
3
],
"ace:src/snippets/haskell.js": [
3
],
"ace:src/snippets/html.js": [
3
],
"ace:src/snippets/java.js": [
3
],
"ace:src/snippets/javascript.js": [
3
],
"ace:src/snippets/jsp.js": [
3
],
"ace:src/snippets/liquid.js": [
3
],
"ace:src/snippets/lsl.js": [
3
],
"ace:src/snippets/lua.js": [
3
],
"ace:src/snippets/makefile.js": [
3
],
"ace:src/snippets/markdown.js": [
3
],
"ace:src/snippets/maze.js": [
3
],
"ace:src/snippets/perl.js": [
3
],
"ace:src/snippets/php.js": [
3
],
"ace:src/snippets/python.js": [
3
],
"ace:src/snippets/r.js": [
3
],
"ace:src/snippets/razor.js": [
3
],
"ace:src/snippets/robot.js": [
3
],
"ace:src/snippets/rst.js": [
3
],
"ace:src/snippets/ruby.js": [
3
],
"ace:src/snippets/sh.js": [
3
],
"ace:src/snippets/snippets.js": [
3
],
"ace:src/snippets/sql.js": [
3
],
"ace:src/snippets/sqlserver.js": [
3
],
"ace:src/snippets/tcl.js": [
3
],
"ace:src/snippets/tex.js": [
3
],
"ace:src/snippets/textile.js": [
3
],
"ace:src/snippets/velocity.js": [
3
],
"ace:src/snippets/wollok.js": [
3
],
"ace:src/snippets_test.js": [
7,
8,
9,
10,
11,
13,
14,
15
],
"ace:src/split.js": [
3,
4,
5,
7,
8,
9
],
"ace:src/test/all.js": [
3,
4
],
"ace:src/test/all_browser.js": [
3,
4,
5,
6,
119
],
"ace:src/test/assertions.js": [
3
],
"ace:src/test/asyncjs/assert.js": [
26
],
"ace:src/test/asyncjs/index.js": [
8,
9,
10
],
"ace:src/test/asyncjs/test.js": [
8,
9,
10
],
"ace:src/test/asyncjs/utils.js": [
8
],
"ace:src/test/benchmark.js": [
7
],
"ace:src/test/mockdom.js": [
3
],
"ace:src/test/mockdom_test.js": [
10
],
"ace:src/theme/ambiance.js": [
3,
5
],
"ace:src/theme/chaos.js": [
3,
5
],
"ace:src/theme/chrome.js": [
3,
5
],
"ace:src/theme/cloud9_day.js": [
5,
7
],
"ace:src/theme/cloud9_night.js": [
3,
5
],
"ace:src/theme/cloud9_night_low_color.js": [
3,
5
],
"ace:src/theme/clouds.js": [
3,
5
],
"ace:src/theme/clouds_midnight.js": [
3,
5
],
"ace:src/theme/cobalt.js": [
3,
5
],
"ace:src/theme/crimson_editor.js": [
2,
6
],
"ace:src/theme/dawn.js": [
3,
5
],
"ace:src/theme/dracula.js": [
3,
6
],
"ace:src/theme/dreamweaver.js": [
3,
5
],
"ace:src/theme/eclipse.js": [
4,
8
],
"ace:src/theme/github.js": [
3,
5
],
"ace:src/theme/gob.js": [
3,
5
],
"ace:src/theme/gruvbox.js": [
3,
5
],
"ace:src/theme/gruvbox_dark_hard.js": [
3,
5
],
"ace:src/theme/gruvbox_light_hard.js": [
3,
5
],
"ace:src/theme/idle_fingers.js": [
3,
5
],
"ace:src/theme/iplastic.js": [
3,
5
],
"ace:src/theme/katzenmilch.js": [
3,
5
],
"ace:src/theme/kr_theme.js": [
3,
5
],
"ace:src/theme/kuroir.js": [
3,
5
],
"ace:src/theme/merbivore.js": [
3,
5
],
"ace:src/theme/merbivore_soft.js": [
3,
5
],
"ace:src/theme/mono_industrial.js": [
3,
5
],
"ace:src/theme/monokai.js": [
3,
5
],
"ace:src/theme/nord_dark.js": [
3,
6
],
"ace:src/theme/one_dark.js": [
3,
5
],
"ace:src/theme/pastel_on_dark.js": [
3,
5
],
"ace:src/theme/solarized_dark.js": [
3,
5
],
"ace:src/theme/solarized_light.js": [
3,
5
],
"ace:src/theme/sqlserver.js": [
3,
5
],
"ace:src/theme/terminal.js": [
3,
5
],
"ace:src/theme/textmate.js": [
5,
8
],
"ace:src/theme/tomorrow.js": [
3,
5
],
"ace:src/theme/tomorrow_night.js": [
3,
5
],
"ace:src/theme/tomorrow_night_blue.js": [
3,
5
],
"ace:src/theme/tomorrow_night_bright.js": [
3,
5
],
"ace:src/theme/tomorrow_night_eighties.js": [
3,
5
],
"ace:src/theme/twilight.js": [
3,
5
],
"ace:src/theme/vibrant_ink.js": [
3,
5
],
"ace:src/theme/xcode.js": [
3,
5
],
"ace:src/token_iterator.js": [
3
],
"ace:src/token_iterator_test.js": [
7,
8,
9,
10
],
"ace:src/tokenizer.js": [
3
],
"ace:src/tokenizer_dev.js": [
1
],
"ace:src/tokenizer_test.js": [
7,
8
],
"ace:src/tooltip.js": [
3,
4
],
"ace:src/undomanager.js": [
276
],
"ace:src/undomanager_test.js": [
8,
9,
10,
11,
12,
13,
14
],
"ace:src/virtual_renderer.js": [
3,
4,
5,
6,
7,
8,
9,
10,
11,
12,
13,
14,
15,
16,
17,
18,
20
],
"ace:src/virtual_renderer_test.js": [
8,
9,
10,
11,
12,
13,
14
],
"ace:static.js": [
3,
4,
5,
6
],
"ace:tool/add_mode.js": [
1,
2,
3
],
"ace:tool/lib.js": [
1,
2,
3,
4,
6,
7
],
"ace:tool/regexp_tokenizer.js": [
2,
4,
5,
6
],
"ace:tool/regexp_tokenizer_test.js": [
1,
2,
4
],
"ace:tool/templates/snippets.js": [
3
],
"ace:tool/tmlanguage.js": [
1,
3,
4,
5,
6,
9
],
"ace:tool/tmsnippets.js": [
1,
2
],
"ace:tool/tmtheme.js": [
1,
2,
3,
4,
5,
7
],
"ace:tool/unicode.js": [
169,
178,
179
],
"ace:tool/update_deps.js": [
1,
2,
3,
4,
6,
7,
8
],
"ace:version.js": [
3
]
}
