{
"ace:demo/kitchen-sink/docs/tsx.tsx": [
3
],
"ace:demo/kitchen-sink/docs/typescript.ts": [
72
]
}
