{
"desktop:app/src/ui/diff/diff-options.tsx": [
123
],
"desktop:app/src/ui/drag-elements/commit-drag-element.tsx": [
93,
101,
111
]
}
