{
"desktop:app/src/lib/progress/from-process.ts": [
80
],
"desktop:app/src/lib/read-emoji.ts": [
109
]
}
