{
"desktop:app/src/ui/dialog/header.tsx": [
67
]
}
