{
"desktop:app/src/lib/notifications/show-notification.ts": [
1,
3
],
"desktop:app/src/lib/stats/stats-store.ts": [
24,
28
],
"desktop:app/src/ui/changes/changes-list.tsx": [
5,
36
],
"desktop:app/src/ui/changes/commit-message.tsx": [
19,
26
],
"desktop:app/src/ui/changes/no-changes.tsx": [
10,
19
],
"desktop:app/src/ui/create-branch/create-branch-dialog.tsx": [
3,
30
],
"desktop:app/src/ui/diff/side-by-side-diff.tsx": [
51,
59
],
"desktop:app/src/ui/diff/text-diff.tsx": [
42,
43
],
"desktop:app/src/ui/history/commit-list-item.tsx": [
9,
12
],
"desktop:app/src/ui/history/selected-commit.tsx": [
26,
32
],
"desktop:app/src/ui/index.tsx": [
37,
44
],
"desktop:app/src/ui/lib/app-proxy.ts": [
1,
2
],
"desktop:app/src/ui/lib/author-input.tsx": [
16,
17
],
"desktop:app/src/ui/lib/conflicts/unmerged-file.tsx": [
13,
25
],
"desktop:app/src/ui/repositories-list/repositories-list.tsx": [
19,
20
],
"desktop:app/src/ui/tutorial/done.tsx": [
9,
10
]
}
