{
"router:karma.conf.js": [
34
],
"router:test-main.js": [
32
]
}
