{
"vuetify:packages/vuetify/src/components/VTabs/__tests__/VTabs.spec.cy.tsx": [
10
]
}
