{
"vuetify:packages/docs/src/App.vue": [
55,
58
],
"vuetify:packages/docs/src/components/app/Markup.vue": [
77,
79
],
"vuetify:packages/docs/src/components/app/Toc.vue": [
54
],
"vuetify:packages/docs/src/util/helpers.ts": [
10,
11
],
"vuetify:packages/vuetify/src/components/VAutocomplete/VAutocomplete.tsx": [
42,
43,
44
],
"vuetify:packages/vuetify/src/components/VCombobox/VCombobox.tsx": [
44,
45,
46
],
"vuetify:packages/vuetify/src/components/VDataIterator/VDataIterator.ts": [
167,
171
],
"vuetify:packages/vuetify/src/components/VDatePicker/VDatePicker.ts": [
179
],
"vuetify:packages/vuetify/src/components/VDatePicker/util/createNativeLocaleFormatter.ts": [
38
],
"vuetify:packages/vuetify/src/components/VDatePicker/util/isDateAllowed.ts": [
8
],
"vuetify:packages/vuetify/src/components/VDatePicker/util/sanitizeDateString.ts": [
7
],
"vuetify:packages/vuetify/src/components/VOtpInput/VOtpInput.ts": [
245
],
"vuetify:packages/vuetify/src/components/VStepper/VStepperStep.ts": [
139
],
"vuetify:packages/vuetify/src/composables/theme.ts": [
335
],
"vuetify:packages/vuetify/src/directives/ripple/index.ts": [
20,
253,
253
],
"vuetify:packages/vuetify/src/util/colorUtils.ts": [
152
],
"vuetify:packages/vuetify/src/util/dom.ts": [
6,
23
],
"vuetify:packages/vuetify/src/util/helpers.ts": [
347
]
}
