{
"vuetify:packages/vuetify/src/composables/filter.ts": [
70
]
}
