{
"expressionist.js:test/parser.spec.js": [
80
]
}
