{
"expressionist.js:test/parser.spec.js": [
75,
75,
80,
80,
80,
80,
877
]
}
