{
"sonar-web:src/main/js/apps/users/list-item-view.js": [
18
]
}
