{
"sonar-web:src/main/js/components/navigator/filters/choice-filters.js": [
211
],
"sonar-web:src/main/js/components/source-viewer/source.js": [
31,
35
]
}
