{
"ag-grid:src/ts/filter/baseFilter.ts": [
244
],
"ag-grid:src/ts/rowModels/paginationProxy.ts": [
95
]
}
