{
"ag-grid:src/ts/rendering/renderedCell.ts": [
62
]
}
