{
"project:custom/S4670.css": [
1,
2
],
"project:projects/bulma-0.9.2/docs/_sass/book.sass": [
123,
138
],
"project:projects/bulma-0.9.2/docs/_sass/bsa.sass": [
57
],
"project:projects/bulma-0.9.2/docs/_sass/example.sass": [
89,
234
],
"project:projects/bulma-0.9.2/docs/_sass/expo.sass": [
38,
42
],
"project:projects/bulma-0.9.2/docs/_sass/footer.sass": [
68
],
"project:projects/bulma-0.9.2/docs/_sass/global.sass": [
27,
35,
180
],
"project:projects/bulma-0.9.2/docs/_sass/header.sass": [
40
],
"project:projects/bulma-0.9.2/docs/_sass/index.sass": [
3,
7,
139,
144,
397,
405,
413,
417
],
"project:projects/bulma-0.9.2/docs/_sass/love.sass": [
28,
34,
40,
44,
48,
75,
87
],
"project:projects/bulma-0.9.2/docs/_sass/main.sass": [
76,
84,
217,
224,
228,
241,
264,
268
],
"project:projects/bulma-0.9.2/docs/_sass/native.sass": [
97
],
"project:projects/bulma-0.9.2/docs/_sass/override.sass": [
19
],
"project:projects/bulma-0.9.2/docs/_sass/specific.sass": [
29,
80,
138,
146,
230
],
"project:projects/bulma-0.9.2/docs/_sass/sponsors.sass": [
100,
104,
122
],
"project:projects/bulma-0.9.2/docs/_sass/twitter.sass": [
129,
135,
146,
157,
161
],
"project:projects/bulma-0.9.2/sass/components/media.sass": [
57
],
"project:projects/bulma-0.9.2/sass/components/pagination.sass": [
119,
131
]
}
